// Jest Snapshot v1, https://goo.gl/fbAQLP

exports[`switch-case with value: <i>test2</i> 1`] = `
<i>
  test2
</i>
`;

exports[`switch-case with values: <i>test2</i> 1`] = `
<i>
  test2
</i>
`;
